(3,1)	class
(3,7)	extends
(3,15)	static
(3,22)	public
(3,29)	void
(3,34)	int
(3,38)	double
(3,45)	boolean
(3,53)	new
(3,57)	this
(3,62)	if
(3,65)	else
(4,1)	while
(4,7)	return
(4,14)	main
(4,19)	String
(4,26)	true
(4,31)	false
(4,37)	System
(4,44)	out
(4,48)	println
(6,1)	INTLIT(123)
(6,4)	class
(8,1)	System
(8,7)	.
(8,8)	out
(8,11)	.
(8,12)	println
Total: 28 tokens
