(3,1)	ID(classextends)
(3,14)	ID(static1)
(3,22)	ID(ppublic)
(3,30)	ID(Void)
(3,35)	ID(bool)
(3,40)	ID(system)
(3,47)	ID(TRUE)
(5,1)	INTLIT(1)
(5,2)	ID(Main)
(7,1)	main
(9,1)	ID(AveryveryveryveryveryveryveryveryveryveryveryveryveryveryveryveryveryveryveryveryveryveryveryveryveryveryveryveryveryveryveryveryveryveryveryveryveryveryveryveryveryveryveryveryveryveryveryveryveryveryveryLongID)
Total: 11 tokens
